../Core/Src/BT_Fns.c:17:6:charToHexDigit	24	static
../Core/Src/BT_Fns.c:30:6:StringToHex	24	static
../Core/Src/BT_Fns.c:35:10:stringToINT	24	static
../Core/Src/BT_Fns.c:40:9:DecodeStringAsUint8	24	static
../Core/Src/BT_Fns.c:44:10:DecodeStringAsInteger	24	static
../Core/Src/BT_Fns.c:50:15:stringToFLOAT	24	static
../Core/Src/BT_Fns.c:56:6:ParseBTMsg	8	static
../Core/Src/BT_Fns.c:88:6:generateTLV_I	24	static
../Core/Src/BT_Fns.c:92:6:generateTLV_F	32	static
../Core/Src/BT_Fns.c:96:6:add_TLVBuf_To_TxBuf	24	static
../Core/Src/BT_Fns.c:102:9:Init_TXBuf_Frame	32	static
../Core/Src/BT_Fns.c:107:9:addEOF	16	static
../Core/Src/BT_Fns.c:113:6:correctLengthInFrame	24	static
../Core/Src/BT_Fns.c:181:9:parseTLV	48	static
../Core/Src/BT_Fns.c:297:9:ParseDiagnostics	32	static
